// Jest Snapshot v1, https://goo.gl/fbAQLP

exports[`renders 1`] = `
Array [
  <View
    style={
      Array [
        Object {
          "backgroundColor": "#fff",
          "flex": 1,
          "height": 1334,
        },
        Object {
          "backgroundColor": "#fff",
          "flex": 1,
          "paddingTop": 25,
        },
      ]
    }
  >
    <View
      style={
        Object {
          "backgroundColor": "#fff",
          "flex": 1,
          "height": 1334,
        }
      }
    >
      <Text
        style={
          Object {
            "textAlign": "center",
          }
        }
      >
        Game
      </Text>
      <View
        style={
          Object {
            "flex": 3,
            "flexDirection": "column",
          }
        }
      >
        <View
          style={
            Object {
              "flex": 1,
              "flexDirection": "row",
            }
          }
        >
          <View
            style={
              Object {
                "backgroundColor": "grey",
                "flex": 1,
                "flexDirection": "column",
                "margin": 2,
              }
            }
          />
          <View
            style={
              Object {
                "backgroundColor": "grey",
                "flex": 1,
                "flexDirection": "column",
                "margin": 2,
              }
            }
          />
          <View
            style={
              Object {
                "backgroundColor": "grey",
                "flex": 1,
                "flexDirection": "column",
                "margin": 2,
              }
            }
          />
          <View
            style={
              Object {
                "backgroundColor": "grey",
                "flex": 1,
                "flexDirection": "column",
                "margin": 2,
              }
            }
          />
          <View
            style={
              Object {
                "backgroundColor": "grey",
                "flex": 1,
                "flexDirection": "column",
                "margin": 2,
              }
            }
          />
          <View
            style={
              Object {
                "backgroundColor": "grey",
                "flex": 1,
                "flexDirection": "column",
                "margin": 2,
              }
            }
          />
        </View>
        <View
          style={
            Object {
              "flex": 1,
              "flexDirection": "row",
            }
          }
        >
          <View
            style={
              Object {
                "backgroundColor": "grey",
                "flex": 1,
                "flexDirection": "column",
                "margin": 2,
              }
            }
          />
          <View
            style={
              Object {
                "backgroundColor": "grey",
                "flex": 1,
                "flexDirection": "column",
                "margin": 2,
              }
            }
          />
          <View
            style={
              Object {
                "backgroundColor": "grey",
                "flex": 1,
                "flexDirection": "column",
                "margin": 2,
              }
            }
          />
          <View
            style={
              Object {
                "backgroundColor": "grey",
                "flex": 1,
                "flexDirection": "column",
                "margin": 2,
              }
            }
          />
          <View
            style={
              Object {
                "backgroundColor": "grey",
                "flex": 1,
                "flexDirection": "column",
                "margin": 2,
              }
            }
          />
          <View
            style={
              Object {
                "backgroundColor": "grey",
                "flex": 1,
                "flexDirection": "column",
                "margin": 2,
              }
            }
          />
        </View>
        <View
          style={
            Object {
              "flex": 1,
              "flexDirection": "row",
            }
          }
        >
          <View
            style={
              Object {
                "backgroundColor": "grey",
                "flex": 1,
                "flexDirection": "column",
                "margin": 2,
              }
            }
          />
          <View
            style={
              Object {
                "backgroundColor": "grey",
                "flex": 1,
                "flexDirection": "column",
                "margin": 2,
              }
            }
          />
          <View
            style={
              Object {
                "backgroundColor": "grey",
                "flex": 1,
                "flexDirection": "column",
                "margin": 2,
              }
            }
          />
          <View
            style={
              Object {
                "backgroundColor": "grey",
                "flex": 1,
                "flexDirection": "column",
                "margin": 2,
              }
            }
          />
          <View
            style={
              Object {
                "backgroundColor": "grey",
                "flex": 1,
                "flexDirection": "column",
                "margin": 2,
              }
            }
          />
          <View
            style={
              Object {
                "backgroundColor": "grey",
                "flex": 1,
                "flexDirection": "column",
                "margin": 2,
              }
            }
          />
        </View>
        <View
          style={
            Object {
              "flex": 1,
              "flexDirection": "row",
            }
          }
        >
          <View
            style={
              Object {
                "backgroundColor": "grey",
                "flex": 1,
                "flexDirection": "column",
                "margin": 2,
              }
            }
          />
          <View
            style={
              Object {
                "backgroundColor": "grey",
                "flex": 1,
                "flexDirection": "column",
                "margin": 2,
              }
            }
          />
          <View
            style={
              Object {
                "backgroundColor": "grey",
                "flex": 1,
                "flexDirection": "column",
                "margin": 2,
              }
            }
          />
          <View
            style={
              Object {
                "backgroundColor": "grey",
                "flex": 1,
                "flexDirection": "column",
                "margin": 2,
              }
            }
          />
          <View
            style={
              Object {
                "backgroundColor": "grey",
                "flex": 1,
                "flexDirection": "column",
                "margin": 2,
              }
            }
          />
          <View
            style={
              Object {
                "backgroundColor": "grey",
                "flex": 1,
                "flexDirection": "column",
                "margin": 2,
              }
            }
          />
        </View>
        <View
          style={
            Object {
              "flex": 1,
              "flexDirection": "row",
            }
          }
        >
          <View
            style={
              Object {
                "backgroundColor": "grey",
                "flex": 1,
                "flexDirection": "column",
                "margin": 2,
              }
            }
          />
          <View
            style={
              Object {
                "backgroundColor": "grey",
                "flex": 1,
                "flexDirection": "column",
                "margin": 2,
              }
            }
          />
          <View
            style={
              Object {
                "backgroundColor": "grey",
                "flex": 1,
                "flexDirection": "column",
                "margin": 2,
              }
            }
          />
          <View
            style={
              Object {
                "backgroundColor": "grey",
                "flex": 1,
                "flexDirection": "column",
                "margin": 2,
              }
            }
          />
          <View
            style={
              Object {
                "backgroundColor": "grey",
                "flex": 1,
                "flexDirection": "column",
                "margin": 2,
              }
            }
          />
          <View
            style={
              Object {
                "backgroundColor": "grey",
                "flex": 1,
                "flexDirection": "column",
                "margin": 2,
              }
            }
          />
        </View>
        <View
          style={
            Object {
              "flex": 1,
              "flexDirection": "row",
            }
          }
        >
          <View
            style={
              Object {
                "backgroundColor": "grey",
                "flex": 1,
                "flexDirection": "column",
                "margin": 2,
              }
            }
          >
            <View
              style={
                Object {
                  "alignItems": "center",
                  "flex": 1,
                  "justifyContent": "center",
                }
              }
            >
              <Text
                style={
                  Object {
                    "fontSize": 30,
                  }
                }
              >
                s
              </Text>
            </View>
          </View>
          <View
            style={
              Object {
                "backgroundColor": "grey",
                "flex": 1,
                "flexDirection": "column",
                "margin": 2,
              }
            }
          >
            <View
              style={
                Object {
                  "alignItems": "center",
                  "flex": 1,
                  "justifyContent": "center",
                }
              }
            >
              <Text
                style={
                  Object {
                    "fontSize": 30,
                  }
                }
              >
                p
              </Text>
            </View>
          </View>
          <View
            style={
              Object {
                "backgroundColor": "grey",
                "flex": 1,
                "flexDirection": "column",
                "margin": 2,
              }
            }
          >
            <View
              style={
                Object {
                  "alignItems": "center",
                  "flex": 1,
                  "justifyContent": "center",
                }
              }
            >
              <Text
                style={
                  Object {
                    "fontSize": 30,
                  }
                }
              >
                l
              </Text>
            </View>
          </View>
          <View
            style={
              Object {
                "backgroundColor": "grey",
                "flex": 1,
                "flexDirection": "column",
                "margin": 2,
              }
            }
          >
            <View
              style={
                Object {
                  "alignItems": "center",
                  "flex": 1,
                  "justifyContent": "center",
                }
              }
            >
              <Text
                style={
                  Object {
                    "fontSize": 30,
                  }
                }
              >
                a
              </Text>
            </View>
          </View>
          <View
            style={
              Object {
                "backgroundColor": "grey",
                "flex": 1,
                "flexDirection": "column",
                "margin": 2,
              }
            }
          >
            <View
              style={
                Object {
                  "alignItems": "center",
                  "flex": 1,
                  "justifyContent": "center",
                }
              }
            >
              <Text
                style={
                  Object {
                    "fontSize": 30,
                  }
                }
              >
                s
              </Text>
            </View>
          </View>
          <View
            style={
              Object {
                "backgroundColor": "grey",
                "flex": 1,
                "flexDirection": "column",
                "margin": 2,
              }
            }
          >
            <View
              style={
                Object {
                  "alignItems": "center",
                  "flex": 1,
                  "justifyContent": "center",
                }
              }
            >
              <Text
                style={
                  Object {
                    "fontSize": 30,
                  }
                }
              >
                h
              </Text>
            </View>
          </View>
        </View>
      </View>
      <View
        style={
          Object {
            "backgroundColor": "yellow",
            "flex": 1,
          }
        }
      >
        <Text>
          Example
        </Text>
      </View>
    </View>
    <View
      style={
        Object {
          "backgroundColor": "#F8F8F8",
          "borderColor": "#cbcbcb",
          "borderTopWidth": 0.5,
          "elevation": 3,
          "flexDirection": "row",
          "height": 55,
          "justifyContent": "center",
          "left": 0,
          "paddingBottom": 0,
          "right": 0,
        }
      }
    >
      <View
        style={
          Object {
            "alignSelf": "stretch",
            "backgroundColor": undefined,
            "flex": 1,
            "flexDirection": "row",
            "justifyContent": "space-between",
          }
        }
      >
        <TouchableOpacity
          active={false}
          activeOpacity={0.5}
          style={
            Object {
              "alignItems": "center",
              "alignSelf": "center",
              "backgroundColor": "transparent",
              "borderBottomWidth": null,
              "borderColor": null,
              "borderLeftWidth": null,
              "borderRadius": 5,
              "borderRightWidth": null,
              "borderTopWidth": null,
              "borderWidth": undefined,
              "elevation": 0,
              "flex": 1,
              "flexDirection": "column",
              "height": null,
              "justifyContent": "center",
              "paddingBottom": 6,
              "paddingTop": 6,
              "shadowColor": null,
              "shadowOffset": null,
              "shadowOpacity": null,
              "shadowRadius": null,
            }
          }
          vertical={true}
        >
          <Text
            allowFontScaling={false}
            style={
              Array [
                Object {
                  "color": undefined,
                  "fontSize": 12,
                },
                Array [
                  Object {
                    "color": "#000",
                    "fontSize": 30,
                  },
                  Object {
                    "color": "#6b6b6b",
                    "fontSize": 24,
                    "marginLeft": 16,
                    "marginRight": 16,
                    "paddingTop": 2,
                  },
                ],
                Object {
                  "fontFamily": "Ionicons",
                  "fontStyle": "normal",
                  "fontWeight": "normal",
                },
                Object {},
              ]
            }
          >
            
          </Text>
          <Text
            style={
              Object {
                "backgroundColor": "transparent",
                "color": "#6b6b6b",
                "fontFamily": "System",
                "fontSize": 14,
                "lineHeight": 16,
                "marginLeft": 0,
                "marginRight": 0,
                "paddingLeft": 16,
                "paddingRight": 16,
              }
            }
            uppercase={false}
          >
            Explore
          </Text>
        </TouchableOpacity>
        <TouchableOpacity
          active={true}
          activeOpacity={0.5}
          style={
            Object {
              "alignItems": "center",
              "alignSelf": "center",
              "backgroundColor": "#cde1f9",
              "borderBottomWidth": null,
              "borderColor": null,
              "borderLeftWidth": null,
              "borderRadius": 5,
              "borderRightWidth": null,
              "borderTopWidth": null,
              "borderWidth": undefined,
              "elevation": 0,
              "flex": 1,
              "flexDirection": "column",
              "height": null,
              "justifyContent": "center",
              "paddingBottom": 6,
              "paddingTop": 6,
              "shadowColor": null,
              "shadowOffset": null,
              "shadowOpacity": null,
              "shadowRadius": null,
            }
          }
          vertical={true}
        >
          <Text
            allowFontScaling={false}
            style={
              Array [
                Object {
                  "color": undefined,
                  "fontSize": 12,
                },
                Array [
                  Object {
                    "color": "#000",
                    "fontSize": 30,
                  },
                  Object {
                    "color": "#007aff",
                    "fontSize": 24,
                    "marginLeft": 16,
                    "marginRight": 16,
                    "paddingTop": 2,
                  },
                ],
                Object {
                  "fontFamily": "Ionicons",
                  "fontStyle": "normal",
                  "fontWeight": "normal",
                },
                Object {},
              ]
            }
          >
            
          </Text>
          <Text
            style={
              Object {
                "backgroundColor": "transparent",
                "color": "#007aff",
                "fontFamily": "System",
                "fontSize": 14,
                "lineHeight": 16,
                "marginLeft": 0,
                "marginRight": 0,
                "paddingLeft": 16,
                "paddingRight": 16,
              }
            }
            uppercase={false}
          >
            Play
          </Text>
        </TouchableOpacity>
        <TouchableOpacity
          active={false}
          activeOpacity={0.5}
          style={
            Object {
              "alignItems": "center",
              "alignSelf": "center",
              "backgroundColor": "transparent",
              "borderBottomWidth": null,
              "borderColor": null,
              "borderLeftWidth": null,
              "borderRadius": 5,
              "borderRightWidth": null,
              "borderTopWidth": null,
              "borderWidth": undefined,
              "elevation": 0,
              "flex": 1,
              "flexDirection": "column",
              "height": null,
              "justifyContent": "center",
              "paddingBottom": 6,
              "paddingTop": 6,
              "shadowColor": null,
              "shadowOffset": null,
              "shadowOpacity": null,
              "shadowRadius": null,
            }
          }
          vertical={true}
        >
          <Text
            allowFontScaling={false}
            style={
              Array [
                Object {
                  "color": undefined,
                  "fontSize": 12,
                },
                Array [
                  Object {
                    "color": "#000",
                    "fontSize": 30,
                  },
                  Object {
                    "color": "#6b6b6b",
                    "fontSize": 24,
                    "marginLeft": 16,
                    "marginRight": 16,
                    "paddingTop": 2,
                  },
                ],
                Object {
                  "fontFamily": "Ionicons",
                  "fontStyle": "normal",
                  "fontWeight": "normal",
                },
                Object {},
              ]
            }
          >
            
          </Text>
          <Text
            style={
              Object {
                "backgroundColor": "transparent",
                "color": "#6b6b6b",
                "fontFamily": "System",
                "fontSize": 14,
                "lineHeight": 16,
                "marginLeft": 0,
                "marginRight": 0,
                "paddingLeft": 16,
                "paddingRight": 16,
              }
            }
            uppercase={false}
          >
            About
          </Text>
        </TouchableOpacity>
      </View>
    </View>
  </View>,
]
`;
