// Jest Snapshot v1, https://goo.gl/fbAQLP

exports[`renders 1`] = `
Array [
  <View
    style={
      Object {
        "backgroundColor": "#fff",
        "flex": 1,
        "height": 1334,
      }
    }
  >
    <Text
      style={
        Object {
          "textAlign": "center",
        }
      }
    >
      Game
    </Text>
    <View
      style={
        Object {
          "flex": 3,
          "flexDirection": "column",
        }
      }
    >
      <View
        style={
          Object {
            "flex": 1,
            "flexDirection": "row",
          }
        }
      >
        <View
          style={
            Object {
              "backgroundColor": "grey",
              "flex": 1,
              "flexDirection": "column",
              "margin": 2,
            }
          }
        />
        <View
          style={
            Object {
              "backgroundColor": "grey",
              "flex": 1,
              "flexDirection": "column",
              "margin": 2,
            }
          }
        />
        <View
          style={
            Object {
              "backgroundColor": "grey",
              "flex": 1,
              "flexDirection": "column",
              "margin": 2,
            }
          }
        />
      </View>
      <View
        style={
          Object {
            "flex": 1,
            "flexDirection": "row",
          }
        }
      >
        <View
          style={
            Object {
              "backgroundColor": "grey",
              "flex": 1,
              "flexDirection": "column",
              "margin": 2,
            }
          }
        />
        <View
          style={
            Object {
              "backgroundColor": "grey",
              "flex": 1,
              "flexDirection": "column",
              "margin": 2,
            }
          }
        />
        <View
          style={
            Object {
              "backgroundColor": "grey",
              "flex": 1,
              "flexDirection": "column",
              "margin": 2,
            }
          }
        />
      </View>
      <View
        style={
          Object {
            "flex": 1,
            "flexDirection": "row",
          }
        }
      >
        <View
          style={
            Object {
              "backgroundColor": "grey",
              "flex": 1,
              "flexDirection": "column",
              "margin": 2,
            }
          }
        />
        <View
          style={
            Object {
              "backgroundColor": "grey",
              "flex": 1,
              "flexDirection": "column",
              "margin": 2,
            }
          }
        />
        <View
          style={
            Object {
              "backgroundColor": "grey",
              "flex": 1,
              "flexDirection": "column",
              "margin": 2,
            }
          }
        />
      </View>
      <View
        style={
          Object {
            "flex": 1,
            "flexDirection": "row",
          }
        }
      >
        <View
          style={
            Object {
              "backgroundColor": "grey",
              "flex": 1,
              "flexDirection": "column",
              "margin": 2,
            }
          }
        />
        <View
          style={
            Object {
              "backgroundColor": "grey",
              "flex": 1,
              "flexDirection": "column",
              "margin": 2,
            }
          }
        />
        <View
          style={
            Object {
              "backgroundColor": "grey",
              "flex": 1,
              "flexDirection": "column",
              "margin": 2,
            }
          }
        />
      </View>
      <View
        style={
          Object {
            "flex": 1,
            "flexDirection": "row",
          }
        }
      >
        <View
          style={
            Object {
              "backgroundColor": "grey",
              "flex": 1,
              "flexDirection": "column",
              "margin": 2,
            }
          }
        />
        <View
          style={
            Object {
              "backgroundColor": "grey",
              "flex": 1,
              "flexDirection": "column",
              "margin": 2,
            }
          }
        />
        <View
          style={
            Object {
              "backgroundColor": "grey",
              "flex": 1,
              "flexDirection": "column",
              "margin": 2,
            }
          }
        />
      </View>
      <View
        style={
          Object {
            "flex": 1,
            "flexDirection": "row",
          }
        }
      >
        <View
          style={
            Object {
              "backgroundColor": "grey",
              "flex": 1,
              "flexDirection": "column",
              "margin": 2,
            }
          }
        >
          <View
            style={
              Object {
                "alignItems": "center",
                "flex": 1,
                "justifyContent": "center",
              }
            }
          >
            <Text
              style={
                Object {
                  "fontSize": 30,
                }
              }
            >
              c
            </Text>
          </View>
        </View>
        <View
          style={
            Object {
              "backgroundColor": "grey",
              "flex": 1,
              "flexDirection": "column",
              "margin": 2,
            }
          }
        >
          <View
            style={
              Object {
                "alignItems": "center",
                "flex": 1,
                "justifyContent": "center",
              }
            }
          >
            <Text
              style={
                Object {
                  "fontSize": 30,
                }
              }
            >
              a
            </Text>
          </View>
        </View>
        <View
          style={
            Object {
              "backgroundColor": "grey",
              "flex": 1,
              "flexDirection": "column",
              "margin": 2,
            }
          }
        >
          <View
            style={
              Object {
                "alignItems": "center",
                "flex": 1,
                "justifyContent": "center",
              }
            }
          >
            <Text
              style={
                Object {
                  "fontSize": 30,
                }
              }
            >
              r
            </Text>
          </View>
        </View>
      </View>
    </View>
    <View
      style={
        Object {
          "backgroundColor": "yellow",
          "flex": 1,
        }
      }
    >
      <Text>
        Words: 2
      </Text>
      <Text>
        History: car
      </Text>
      <Text>
        Replacement words: cat
      </Text>
      <Text>
        Score: 0
      </Text>
    </View>
  </View>,
]
`;
